
> portfolio-dev@0.1.0 build
> next build

  Γû▓ Next.js 14.2.3

   Creating an optimized production build ...
 Γ£ô Compiled successfully
   Linting and checking validity of types ...
node.exe :  Γ¿» ESLint must be installed in 
order to run during builds: npm install 
--save-dev eslint
At C:\Program Files\nodejs\npm.ps1:29 char:3
+   & $NODE_EXE $NPM_CLI_JS $args
+   ~~~~~~~~~~~~~~~~~~~~~~~~~~~~~
    + CategoryInfo          : NotSpecified: 
    ( Γ¿» ESLint mus...save-dev eslint:Str  
  ing) [], RemoteException
    + FullyQualifiedErrorId : NativeCommand 
   Error
 
   Collecting page data ...
   Generating static pages (0/8) ...
   Generating static pages (2/8) 
   Generating static pages (4/8) 
   Generating static pages (6/8) 
 Γ£ô Generating static pages (8/8)
   Finalizing page optimization ...
   Collecting build traces ...

Route (app)                              Size     First Load JS
Γöî Γùï /                                    3.47 kB        97.3 kB
Γö£ Γùï /_not-found                          307 B          87.3 kB
Γö£ Γùï /process                             45.6 kB         139 kB
Γö£ Γùï /work                                987 B          94.8 kB
Γöö ΓùÅ /work/[slug]                         1.18 kB          95 kB
    Γö£ /work/lucide-platform
    Γöö /work/arcane-analytics
+ First Load JS shared by all            87 kB
  Γö£ chunks/23-c1b0cded1a0e1453.js        31.5 kB
  Γö£ chunks/fd9d1056-844a5cc198651369.js  53.6 kB
  Γöö other shared chunks (total)          1.94 kB


Γùï  (Static)  prerendered as static content
ΓùÅ  (SSG)     prerendered as static HTML (uses getStaticProps)

